**** WARNING: Use --unwinding-assertions to obtain sound verification results
CBMC version 5.95.1 (cbmc-5.95.1) 64-bit x86_64 linux
Parsing ccil-audit/ccil_final.c
Converting
Type-checking ccil_final
Generating GOTO Program
Adding CPROVER library (x86_64)
Removal of function pointers and virtual functions
Generic Property Instrumentation
Removing unused functions
Dropping 10 of 17 functions (7 used)
Running with 8 object bits, 56 offset bits (default)
Starting Bounded Model Checking
Runtime Symex: 0.00298574s
size of program expression: 108 steps
slicing removed 37 assignments
Generated 1 VCC(s), 1 remaining after simplification
Runtime Postprocess Equation: 4.5435e-05s
Passing problem to propositional reduction
converting SSA
Runtime Convert SSA: 0.0316423s
Running propositional reduction
Post-processing
Runtime Post-process: 2.966e-06s
Solving with MiniSAT 2.2.1 with simplifier
20170 variables, 104271 clauses
SAT checker: instance is UNSATISFIABLE
Runtime Solver: 0.181719s
Runtime decision procedure: 0.213534s

** Results:
ccil-audit/ccil_final.c function harness_brake
[harness_brake.assertion.1] line 46 assertion SD(&out, &p): SUCCESS

** 0 of 1 failed (1 iterations)
VERIFICATION SUCCESSFUL
